root@12290:~# sudo tail -30 /var/log/nginx/shop_access.log
182.44.8.254 - - [16/Nov/2025:08:56:19 +0000] "GET / HTTP/1.1" 200 498 "http://monvoir.shop" "Mozilla/5.0 (iPhone; CPU iPhone OS 13_2_3 like Mac OS X) AppleWebKit/605.1.15 (KHTML, like Gecko) Version/13.0.3 Mobile/15E148 Safari/604.1"
95.214.211.26 - - [16/Nov/2025:09:02:44 +0000] "GET / HTTP/1.1" 304 0 "-" "Mozilla/5.0 (Windows NT 10.0; Win64; x64) AppleWebKit/537.36 (KHTML, like Gecko) Chrome/142.0.0.0 Safari/537.36 Edg/142.0.0.0"
95.214.211.26 - - [16/Nov/2025:09:02:44 +0000] "GET /api/config HTTP/1.1" 200 1601 "https://monvoir.shop/" "Mozilla/5.0 (Windows NT 10.0; Win64; x64) AppleWebKit/537.36 (KHTML, like Gecko) Chrome/142.0.0.0 Safari/537.36 Edg/142.0.0.0"
95.214.211.26 - - [16/Nov/2025:09:02:44 +0000] "POST /api/auth/telegram HTTP/1.1" 200 172 "https://monvoir.shop/" "Mozilla/5.0 (Windows NT 10.0; Win64; x64) AppleWebKit/537.36 (KHTML, like Gecko) Chrome/142.0.0.0 Safari/537.36 Edg/142.0.0.0"
95.214.211.26 - - [16/Nov/2025:09:02:44 +0000] "GET /favicon.ico HTTP/1.1" 404 184 "https://monvoir.shop/" "Mozilla/5.0 (Windows NT 10.0; Win64; x64) AppleWebKit/537.36 (KHTML, like Gecko) Chrome/142.0.0.0 Safari/537.36 Edg/142.0.0.0"
95.214.211.26 - - [16/Nov/2025:09:02:44 +0000] "GET /config/logo.svg HTTP/1.1" 304 0 "https://monvoir.shop/" "Mozilla/5.0 (Windows NT 10.0; Win64; x64) AppleWebKit/537.36 (KHTML, like Gecko) Chrome/142.0.0.0 Safari/537.36 Edg/142.0.0.0"
95.214.211.26 - - [16/Nov/2025:09:02:44 +0000] "GET /api/cart/66293ef0-517c-4d10-bf4c-498719984a38 HTTP/1.1" 200 390 "https://monvoir.shop/" "Mozilla/5.0 (Windows NT 10.0; Win64; x64) AppleWebKit/537.36 (KHTML, like Gecko) Chrome/142.0.0.0 Safari/537.36 Edg/142.0.0.0"
95.214.211.26 - - [16/Nov/2025:09:02:44 +0000] "GET /api/products HTTP/1.1" 200 377 "https://monvoir.shop/" "Mozilla/5.0 (Windows NT 10.0; Win64; x64) AppleWebKit/537.36 (KHTML, like Gecko) Chrome/142.0.0.0 Safari/537.36 Edg/142.0.0.0"
95.214.211.26 - - [16/Nov/2025:09:02:44 +0000] "GET /api/favorites/66293ef0-517c-4d10-bf4c-498719984a38 HTTP/1.1" 200 3 "https://monvoir.shop/" "Mozilla/5.0 (Windows NT 10.0; Win64; x64) AppleWebKit/537.36 (KHTML, like Gecko) Chrome/142.0.0.0 Safari/537.36 Edg/142.0.0.0"
95.214.211.26 - - [16/Nov/2025:09:02:56 +0000] "POST /api/orders HTTP/1.1" 201 41 "https://monvoir.shop/" "Mozilla/5.0 (Windows NT 10.0; Win64; x64) AppleWebKit/537.36 (KHTML, like Gecko) Chrome/142.0.0.0 Safari/537.36 Edg/142.0.0.0"
95.214.211.26 - - [16/Nov/2025:09:02:57 +0000] "DELETE /api/cart/66293ef0-517c-4d10-bf4c-498719984a38 HTTP/1.1" 200 27 "https://monvoir.shop/" "Mozilla/5.0 (Windows NT 10.0; Win64; x64) AppleWebKit/537.36 (KHTML, like Gecko) Chrome/142.0.0.0 Safari/537.36 Edg/142.0.0.0"
95.214.211.26 - - [16/Nov/2025:09:02:57 +0000] "GET /api/cart/66293ef0-517c-4d10-bf4c-498719984a38 HTTP/1.1" 200 3 "https://monvoir.shop/" "Mozilla/5.0 (Windows NT 10.0; Win64; x64) AppleWebKit/537.36 (KHTML, like Gecko) Chrome/142.0.0.0 Safari/537.36 Edg/142.0.0.0"
95.214.211.26 - - [16/Nov/2025:09:04:18 +0000] "GET / HTTP/1.1" 304 0 "-" "Mozilla/5.0 (Windows NT 10.0; Win64; x64) AppleWebKit/537.36 (KHTML, like Gecko) Chrome/142.0.0.0 Safari/537.36 Edg/142.0.0.0"
95.214.211.26 - - [16/Nov/2025:09:04:19 +0000] "GET /api/config HTTP/1.1" 200 1601 "https://monvoir.shop/" "Mozilla/5.0 (Windows NT 10.0; Win64; x64) AppleWebKit/537.36 (KHTML, like Gecko) Chrome/142.0.0.0 Safari/537.36 Edg/142.0.0.0"
95.214.211.26 - - [16/Nov/2025:09:04:19 +0000] "POST /api/auth/telegram HTTP/1.1" 200 172 "https://monvoir.shop/" "Mozilla/5.0 (Windows NT 10.0; Win64; x64) AppleWebKit/537.36 (KHTML, like Gecko) Chrome/142.0.0.0 Safari/537.36 Edg/142.0.0.0"
95.214.211.26 - - [16/Nov/2025:09:04:19 +0000] "GET /favicon.ico HTTP/1.1" 404 184 "https://monvoir.shop/" "Mozilla/5.0 (Windows NT 10.0; Win64; x64) AppleWebKit/537.36 (KHTML, like Gecko) Chrome/142.0.0.0 Safari/537.36 Edg/142.0.0.0"
95.214.211.26 - - [16/Nov/2025:09:04:19 +0000] "GET /api/products HTTP/1.1" 200 377 "https://monvoir.shop/" "Mozilla/5.0 (Windows NT 10.0; Win64; x64) AppleWebKit/537.36 (KHTML, like Gecko) Chrome/142.0.0.0 Safari/537.36 Edg/142.0.0.0"
95.214.211.26 - - [16/Nov/2025:09:04:19 +0000] "GET /api/cart/66293ef0-517c-4d10-bf4c-498719984a38 HTTP/1.1" 200 3 "https://monvoir.shop/" "Mozilla/5.0 (Windows NT 10.0; Win64; x64) AppleWebKit/537.36 (KHTML, like Gecko) Chrome/142.0.0.0 Safari/537.36 Edg/142.0.0.0"
95.214.211.26 - - [16/Nov/2025:09:04:19 +0000] "GET /api/favorites/66293ef0-517c-4d10-bf4c-498719984a38 HTTP/1.1" 200 3 "https://monvoir.shop/" "Mozilla/5.0 (Windows NT 10.0; Win64; x64) AppleWebKit/537.36 (KHTML, like Gecko) Chrome/142.0.0.0 Safari/537.36 Edg/142.0.0.0"
95.214.211.26 - - [16/Nov/2025:09:04:20 +0000] "POST /api/favorites HTTP/1.1" 201 147 "https://monvoir.shop/" "Mozilla/5.0 (Windows NT 10.0; Win64; x64) AppleWebKit/537.36 (KHTML, like Gecko) Chrome/142.0.0.0 Safari/537.36 Edg/142.0.0.0"
95.214.211.26 - - [16/Nov/2025:09:04:20 +0000] "GET /api/favorites/66293ef0-517c-4d10-bf4c-498719984a38 HTTP/1.1" 200 377 "https://monvoir.shop/" "Mozilla/5.0 (Windows NT 10.0; Win64; x64) AppleWebKit/537.36 (KHTML, like Gecko) Chrome/142.0.0.0 Safari/537.36 Edg/142.0.0.0"
95.214.211.26 - - [16/Nov/2025:09:04:21 +0000] "POST /api/cart HTTP/1.1" 201 160 "https://monvoir.shop/" "Mozilla/5.0 (Windows NT 10.0; Win64; x64) AppleWebKit/537.36 (KHTML, like Gecko) Chrome/142.0.0.0 Safari/537.36 Edg/142.0.0.0"
95.214.211.26 - - [16/Nov/2025:09:04:21 +0000] "GET /api/cart/66293ef0-517c-4d10-bf4c-498719984a38 HTTP/1.1" 200 390 "https://monvoir.shop/" "Mozilla/5.0 (Windows NT 10.0; Win64; x64) AppleWebKit/537.36 (KHTML, like Gecko) Chrome/142.0.0.0 Safari/537.36 Edg/142.0.0.0"
95.214.211.26 - - [16/Nov/2025:09:04:24 +0000] "POST /api/orders HTTP/1.1" 201 41 "https://monvoir.shop/" "Mozilla/5.0 (Windows NT 10.0; Win64; x64) AppleWebKit/537.36 (KHTML, like Gecko) Chrome/142.0.0.0 Safari/537.36 Edg/142.0.0.0"
95.214.211.26 - - [16/Nov/2025:09:04:24 +0000] "DELETE /api/cart/66293ef0-517c-4d10-bf4c-498719984a38 HTTP/1.1" 200 27 "https://monvoir.shop/" "Mozilla/5.0 (Windows NT 10.0; Win64; x64) AppleWebKit/537.36 (KHTML, like Gecko) Chrome/142.0.0.0 Safari/537.36 Edg/142.0.0.0"
95.214.211.26 - - [16/Nov/2025:09:04:24 +0000] "GET /api/cart/66293ef0-517c-4d10-bf4c-498719984a38 HTTP/1.1" 200 3 "https://monvoir.shop/" "Mozilla/5.0 (Windows NT 10.0; Win64; x64) AppleWebKit/537.36 (KHTML, like Gecko) Chrome/142.0.0.0 Safari/537.36 Edg/142.0.0.0"
104.23.223.118 - - [16/Nov/2025:09:05:14 +0000] "GET /wp-admin/setup-config.php HTTP/1.1" 404 184 "-" "Mozilla/5.0 (Windows NT 10.0; Win64; x64) AppleWebKit/537.36 (KHTML, like Gecko) Chrome/140.0.0.0 Safari/537.36"
104.23.221.28 - - [16/Nov/2025:09:05:14 +0000] "GET /wordpress/wp-admin/setup-config.php HTTP/1.1" 404 184 "-" "Mozilla/5.0 (Windows NT 10.0; Win64; x64) AppleWebKit/537.36 (KHTML, like Gecko) Chrome/140.0.0.0 Safari/537.36"
104.23.221.29 - - [16/Nov/2025:09:06:06 +0000] "GET /wordpress/wp-admin/setup-config.php HTTP/1.1" 404 184 "-" "Mozilla/5.0 (Windows NT 10.0; Win64; x64) AppleWebKit/537.36 (KHTML, like Gecko) Chrome/140.0.0.0 Safari/537.36"
104.23.223.119 - - [16/Nov/2025:09:06:43 +0000] "GET /wp-admin/setup-config.php HTTP/1.1" 404 184 "-" "Mozilla/5.0 (Windows NT 10.0; Win64; x64) AppleWebKit/537.36 (KHTML, like Gecko) Chrome/140.0.0.0 Safari/537.36"
root@12290:~# sudo tail -30 /var/log/nginx/shop_error.log
2025/11/15 14:04:49 [error] 46484#46484: *153 open() "/home/shopapp/app/config/.env.save" failed (2: No such file or directory), client: 13.214.143.161, server: monvoir.shop, request: "GET /config/.env.save HTTP/1.1", host: "monvoir.shop"
2025/11/15 14:04:49 [error] 46484#46484: *160 open() "/home/shopapp/app/config/.env.old" failed (2: No such file or directory), client: 13.214.143.161, server: monvoir.shop, request: "GET /config/.env.old HTTP/1.1", host: "monvoir.shop"
2025/11/15 14:04:49 [error] 46484#46484: *155 open() "/home/shopapp/app/config/.env.bak" failed (2: No such file or directory), client: 13.214.143.161, server: monvoir.shop, request: "GET /config/.env.bak HTTP/1.1", host: "monvoir.shop"
2025/11/15 14:04:50 [error] 46484#46484: *173 open() "/home/shopapp/app/dist/public/assets/.env" failed (2: No such file or directory), client: 13.214.143.161, server: monvoir.shop, request: "GET /assets/.env HTTP/1.1", host: "monvoir.shop"
2025/11/15 14:04:50 [error] 46484#46484: *178 open() "/home/shopapp/app/dist/public/assets/.env.bak" failed (2: No such file or directory), client: 13.214.143.161, server: monvoir.shop, request: "GET /assets/.env.bak HTTP/1.1", host: "monvoir.shop"
2025/11/15 14:04:50 [error] 46484#46484: *177 open() "/home/shopapp/app/dist/public/assets/.env.save" failed (2: No such file or directory), client: 13.214.143.161, server: monvoir.shop, request: "GET /assets/.env.save HTTP/1.1", host: "monvoir.shop"
2025/11/15 14:04:50 [error] 46484#46484: *180 open() "/home/shopapp/app/dist/public/assets/.env.old" failed (2: No such file or directory), client: 13.214.143.161, server: monvoir.shop, request: "GET /assets/.env.old HTTP/1.1", host: "monvoir.shop"
2025/11/15 14:04:50 [error] 46484#46484: *154 open() "/home/shopapp/app/config/.env" failed (2: No such file or directory), client: 13.214.143.161, server: monvoir.shop, request: "GET /config/.env HTTP/1.1", host: "monvoir.shop"
2025/11/15 15:08:59 [crit] 46484#46484: *592 SSL_do_handshake() failed (SSL: error:0A00006C:SSL routines::bad key share) while SSL handshaking, client: 185.242.226.105, server: 0.0.0.0:443
2025/11/15 18:49:32 [crit] 46484#46484: *918 SSL_do_handshake() failed (SSL: error:0A00006C:SSL routines::bad key share) while SSL handshaking, client: 138.197.120.27, server: 0.0.0.0:443
2025/11/15 19:18:12 [error] 46484#46484: *959 open() "/home/shopapp/app/config/.env" failed (2: No such file or directory), client: 179.43.169.98, server: monvoir.shop, request: "GET /config/.env HTTP/1.1", host: "monvoir.shop"
2025/11/16 01:28:09 [crit] 46484#46484: *1347 SSL_do_handshake() failed (SSL: error:0A00006C:SSL routines::bad key share) while SSL handshaking, client: 167.94.138.58, server: 0.0.0.0:443
2025/11/16 02:35:13 [crit] 46484#46484: *1492 SSL_do_handshake() failed (SSL: error:0A00006C:SSL routines::bad key share) while SSL handshaking, client: 159.223.91.239, server: 0.0.0.0:443
2025/11/16 04:39:32 [crit] 46484#46484: *1615 SSL_do_handshake() failed (SSL: error:0A00006C:SSL routines::bad key share) while SSL handshaking, client: 212.102.40.218, server: 0.0.0.0:443
2025/11/16 04:56:57 [error] 46484#46484: *1667 open() "/home/shopapp/app/config/.env.bak" failed (2: No such file or directory), client: 18.133.28.107, server: monvoir.shop, request: "GET /config/.env.bak HTTP/1.1", host: "monvoir.shop"
2025/11/16 04:56:57 [error] 46484#46484: *1670 open() "/home/shopapp/app/config/.env.old" failed (2: No such file or directory), client: 18.133.28.107, server: monvoir.shop, request: "GET /config/.env.old HTTP/1.1", host: "monvoir.shop"
2025/11/16 04:56:57 [error] 46484#46484: *1669 open() "/home/shopapp/app/config/.env.save" failed (2: No such file or directory), client: 18.133.28.107, server: monvoir.shop, request: "GET /config/.env.save HTTP/1.1", host: "monvoir.shop"
2025/11/16 04:56:57 [error] 46484#46484: *1666 open() "/home/shopapp/app/dist/public/assets/.env.save" failed (2: No such file or directory), client: 18.133.28.107, server: monvoir.shop, request: "GET /assets/.env.save HTTP/1.1", host: "monvoir.shop"
2025/11/16 04:56:57 [error] 46484#46484: *1673 open() "/home/shopapp/app/config/.env" failed (2: No such file or directory), client: 18.133.28.107, server: monvoir.shop, request: "GET /config/.env HTTP/1.1", host: "monvoir.shop"
2025/11/16 04:56:57 [error] 46484#46484: *1685 open() "/home/shopapp/app/dist/public/assets/.env" failed (2: No such file or directory), client: 18.133.28.107, server: monvoir.shop, request: "GET /assets/.env HTTP/1.1", host: "monvoir.shop"
2025/11/16 04:56:57 [error] 46484#46484: *1688 open() "/home/shopapp/app/dist/public/assets/.env.old" failed (2: No such file or directory), client: 18.133.28.107, server: monvoir.shop, request: "GET /assets/.env.old HTTP/1.1", host: "monvoir.shop"
2025/11/16 04:57:01 [error] 46484#46484: *1764 open() "/home/shopapp/app/dist/public/assets/.env.bak" failed (2: No such file or directory), client: 18.133.28.107, server: monvoir.shop, request: "GET /assets/.env.bak HTTP/1.1", host: "monvoir.shop"
2025/11/16 06:09:01 [crit] 46484#46484: *2080 SSL_do_handshake() failed (SSL: error:0A00006C:SSL routines::bad key share) while SSL handshaking, client: 138.68.143.86, server: 0.0.0.0:443
2025/11/16 06:10:34 [crit] 46484#46484: *2092 SSL_do_handshake() failed (SSL: error:0A00006C:SSL routines::bad key share) while SSL handshaking, client: 64.62.156.10, server: 0.0.0.0:443
2025/11/16 06:23:12 [crit] 46484#46484: *2107 SSL_do_handshake() failed (SSL: error:0A00006C:SSL routines::bad key share) while SSL handshaking, client: 135.119.104.245, server: 0.0.0.0:443
root@12290:~# sudo nginx -t
sudo systemctl reload nginx
nginx: the configuration file /etc/nginx/nginx.conf syntax is ok
nginx: configuration file /etc/nginx/nginx.conf test is successful
root@12290:~# sudo journalctl -u shop-app -n 50
Nov 15 13:35:35 12290 systemd[1]: Started Telegram Shop Flask Application.
Nov 15 13:35:35 12290 gunicorn[44560]: [2025-11-15 13:35:35 +0000] [44560] >
Nov 15 13:35:35 12290 gunicorn[44560]: [2025-11-15 13:35:35 +0000] [44560] >
Nov 15 13:35:35 12290 gunicorn[44560]: [2025-11-15 13:35:35 +0000] [44560] >
Nov 15 13:35:35 12290 gunicorn[44562]: [2025-11-15 13:35:35 +0000] [44562] >
Nov 15 13:35:35 12290 gunicorn[44563]: [2025-11-15 13:35:35 +0000] [44563] >
Nov 15 13:35:35 12290 gunicorn[44564]: [2025-11-15 13:35:35 +0000] [44564] >
Nov 15 13:35:35 12290 gunicorn[44565]: [2025-11-15 13:35:35 +0000] [44565] >
lines 1-8/8 (END)
root@12290:~# sudo tail -20 /var/log/nginx/shop_access.log
95.214.211.26 - - [16/Nov/2025:09:04:24 +0000] "POST /api/orders HTTP/1.1" 201 41 "https://monvoir.shop/" "Mozilla/5.0 (Windows NT 10.0; Win64; x64) AppleWebKit/537.36 (KHTML, like Gecko) Chrome/142.0.0.0 Safari/537.36 Edg/142.0.0.0"
95.214.211.26 - - [16/Nov/2025:09:04:24 +0000] "DELETE /api/cart/66293ef0-517c-4d10-bf4c-498719984a38 HTTP/1.1" 200 27 "https://monvoir.shop/" "Mozilla/5.0 (Windows NT 10.0; Win64; x64) AppleWebKit/537.36 (KHTML, like Gecko) Chrome/142.0.0.0 Safari/537.36 Edg/142.0.0.0"
95.214.211.26 - - [16/Nov/2025:09:04:24 +0000] "GET /api/cart/66293ef0-517c-4d10-bf4c-498719984a38 HTTP/1.1" 200 3 "https://monvoir.shop/" "Mozilla/5.0 (Windows NT 10.0; Win64; x64) AppleWebKit/537.36 (KHTML, like Gecko) Chrome/142.0.0.0 Safari/537.36 Edg/142.0.0.0"
104.23.223.118 - - [16/Nov/2025:09:05:14 +0000] "GET /wp-admin/setup-config.php HTTP/1.1" 404 184 "-" "Mozilla/5.0 (Windows NT 10.0; Win64; x64) AppleWebKit/537.36 (KHTML, like Gecko) Chrome/140.0.0.0 Safari/537.36"
104.23.221.28 - - [16/Nov/2025:09:05:14 +0000] "GET /wordpress/wp-admin/setup-config.php HTTP/1.1" 404 184 "-" "Mozilla/5.0 (Windows NT 10.0; Win64; x64) AppleWebKit/537.36 (KHTML, like Gecko) Chrome/140.0.0.0 Safari/537.36"
104.23.221.29 - - [16/Nov/2025:09:06:06 +0000] "GET /wordpress/wp-admin/setup-config.php HTTP/1.1" 404 184 "-" "Mozilla/5.0 (Windows NT 10.0; Win64; x64) AppleWebKit/537.36 (KHTML, like Gecko) Chrome/140.0.0.0 Safari/537.36"
104.23.223.119 - - [16/Nov/2025:09:06:43 +0000] "GET /wp-admin/setup-config.php HTTP/1.1" 404 184 "-" "Mozilla/5.0 (Windows NT 10.0; Win64; x64) AppleWebKit/537.36 (KHTML, like Gecko) Chrome/140.0.0.0 Safari/537.36"
94.158.59.68 - - [16/Nov/2025:09:14:05 +0000] "GET / HTTP/1.1" 304 0 "-" "Mozilla/5.0 (Windows NT 10.0; Win64; x64) AppleWebKit/537.36 (KHTML, like Gecko) Chrome/142.0.0.0 Safari/537.36 Edg/142.0.0.0"
94.158.59.68 - - [16/Nov/2025:09:14:05 +0000] "GET /api/config HTTP/1.1" 200 1601 "https://monvoir.shop/" "Mozilla/5.0 (Windows NT 10.0; Win64; x64) AppleWebKit/537.36 (KHTML, like Gecko) Chrome/142.0.0.0 Safari/537.36 Edg/142.0.0.0"
94.158.59.68 - - [16/Nov/2025:09:14:05 +0000] "GET /favicon.ico HTTP/1.1" 404 184 "https://monvoir.shop/" "Mozilla/5.0 (Windows NT 10.0; Win64; x64) AppleWebKit/537.36 (KHTML, like Gecko) Chrome/142.0.0.0 Safari/537.36 Edg/142.0.0.0"
94.158.59.68 - - [16/Nov/2025:09:14:05 +0000] "POST /api/auth/telegram HTTP/1.1" 200 172 "https://monvoir.shop/" "Mozilla/5.0 (Windows NT 10.0; Win64; x64) AppleWebKit/537.36 (KHTML, like Gecko) Chrome/142.0.0.0 Safari/537.36 Edg/142.0.0.0"
94.158.59.68 - - [16/Nov/2025:09:14:05 +0000] "GET /api/cart/66293ef0-517c-4d10-bf4c-498719984a38 HTTP/1.1" 200 3 "https://monvoir.shop/" "Mozilla/5.0 (Windows NT 10.0; Win64; x64) AppleWebKit/537.36 (KHTML, like Gecko) Chrome/142.0.0.0 Safari/537.36 Edg/142.0.0.0"
94.158.59.68 - - [16/Nov/2025:09:14:06 +0000] "GET /api/favorites/66293ef0-517c-4d10-bf4c-498719984a38 HTTP/1.1" 200 377 "https://monvoir.shop/" "Mozilla/5.0 (Windows NT 10.0; Win64; x64) AppleWebKit/537.36 (KHTML, like Gecko) Chrome/142.0.0.0 Safari/537.36 Edg/142.0.0.0"
94.158.59.68 - - [16/Nov/2025:09:14:06 +0000] "GET /api/products HTTP/1.1" 200 377 "https://monvoir.shop/" "Mozilla/5.0 (Windows NT 10.0; Win64; x64) AppleWebKit/537.36 (KHTML, like Gecko) Chrome/142.0.0.0 Safari/537.36 Edg/142.0.0.0"
94.158.59.68 - - [16/Nov/2025:09:14:09 +0000] "GET /api/products/20f7833a-2a82-4f46-96c9-1e92c06ca4e9 HTTP/1.1" 200 375 "https://monvoir.shop/" "Mozilla/5.0 (Windows NT 10.0; Win64; x64) AppleWebKit/537.36 (KHTML, like Gecko) Chrome/142.0.0.0 Safari/537.36 Edg/142.0.0.0"
94.158.59.68 - - [16/Nov/2025:09:14:11 +0000] "POST /api/cart HTTP/1.1" 201 160 "https://monvoir.shop/" "Mozilla/5.0 (Windows NT 10.0; Win64; x64) AppleWebKit/537.36 (KHTML, like Gecko) Chrome/142.0.0.0 Safari/537.36 Edg/142.0.0.0"
94.158.59.68 - - [16/Nov/2025:09:14:11 +0000] "GET /api/cart/66293ef0-517c-4d10-bf4c-498719984a38 HTTP/1.1" 200 390 "https://monvoir.shop/" "Mozilla/5.0 (Windows NT 10.0; Win64; x64) AppleWebKit/537.36 (KHTML, like Gecko) Chrome/142.0.0.0 Safari/537.36 Edg/142.0.0.0"
94.158.59.68 - - [16/Nov/2025:09:14:13 +0000] "POST /api/orders HTTP/1.1" 201 41 "https://monvoir.shop/" "Mozilla/5.0 (Windows NT 10.0; Win64; x64) AppleWebKit/537.36 (KHTML, like Gecko) Chrome/142.0.0.0 Safari/537.36 Edg/142.0.0.0"
94.158.59.68 - - [16/Nov/2025:09:14:13 +0000] "DELETE /api/cart/66293ef0-517c-4d10-bf4c-498719984a38 HTTP/1.1" 200 27 "https://monvoir.shop/" "Mozilla/5.0 (Windows NT 10.0; Win64; x64) AppleWebKit/537.36 (KHTML, like Gecko) Chrome/142.0.0.0 Safari/537.36 Edg/142.0.0.0"
94.158.59.68 - - [16/Nov/2025:09:14:13 +0000] "GET /api/cart/66293ef0-517c-4d10-bf4c-498719984a38 HTTP/1.1" 200 3 "https://monvoir.shop/" "Mozilla/5.0 (Windows NT 10.0; Win64; x64) AppleWebKit/537.36 (KHTML, like Gecko) Chrome/142.0.0.0 Safari/537.